I'm sorry, but errors were detected in your script. Please correct the
errors listed below, and try again.


File "game/script.rpy", line 104: invalid syntax
        s "Here's your [item]. It costs [stock[item]] dollars."
                                                               ^
    

Ren'Py Version: Ren'Py 7.4.9.2142
Tue Oct 19 18:35:16 2021
